// Jest Snapshot v1, https://goo.gl/fbAQLP

exports[`snapshot Simple data snapshot 1`] = `"- Ulises is Developer in this team.- Peter is Developer in this team."`;
